sample.interval=20000
"tryCatch" "permutations" 
"length" "next_permutations" "permutations" 
".Call" "next_permutations" "permutations" 
"doTryCatch" "tryCatchOne" "tryCatchList" "tryCatch" "permutations" 
"doTryCatch" "tryCatchOne" "tryCatchList" "tryCatch" "permutations" 
".Call" "next_permutations" "permutations" 
"validate_r" "npermutations" "doTryCatch" "tryCatchOne" "tryCatchList" "tryCatch" "permutations" 
"convertz" "npermutations" "doTryCatch" "tryCatchOne" "tryCatchList" "tryCatch" "permutations" 
"doTryCatch" "tryCatchOne" "tryCatchList" "tryCatch" "permutations" 
"next_permutations" "permutations" 
"next_permutations" "permutations" 
"%%" "validate_r" "npermutations" "doTryCatch" "tryCatchOne" "tryCatchList" "tryCatch" "permutations" 
".Call" "next_permutations" "permutations" 
"permutations" 
"validate_n" "permutations" 
"as.integer" "npermutations" "doTryCatch" "tryCatchOne" "tryCatchList" "tryCatch" "permutations" 
".Call" "next_permutations" "permutations" 
